// 重构日志: f260d5ee
// 重构日志: ceb631a3
// 重构日志: 873d34cd
// 同步 ID: ba6bef1d @ Wed Jul 29 13:42:16 UTC 2026
// 同步 ID: 8dc05dc8 @ Wed Jul 29 16:13:32 UTC 2026
// 重构日志: 0425c2c5
// 同步 ID: e5d60f6e @ Thu Jul 30 10:19:16 UTC 2026
// 重构日志: 40013f7e
// 重构日志: 2cb3b6ba
// 重构日志: 3d84956d
// 重构日志: ed41be19
// 重构日志: d7d6879a
// 重构日志: a94fe537
// 重构日志: 6912e4b9
// 同步 ID: 25cd1d29 @ Mon Aug  3 13:00:25 UTC 2026
// 重构日志: 93b3347e
// 重构日志: f942c11b
// 重构日志: 672e77c9
// 重构日志: a4433f36
// 同步 ID: d18797e2 @ Wed Aug  5 05:24:30 UTC 2026
// 重构日志: 18ccab80
// 重构日志: f934baeb
// 重构日志: 09ec23df
// 重构日志: c27960ef
// 重构日志: 07401852
// 重构日志: c479cf6a
// 重构日志: f59170c6
// 重构日志: 1fa9c964
// 同步 ID: 557e55c6 @ Sat Aug  8 09:16:55 UTC 2026
// 同步 ID: c8cbf241 @ Sat Aug  8 12:15:47 UTC 2026
// 重构日志: d6720c3b
